
----- Date             : Thu Nov 27 12:29:24 1997
----- Module Name      : ERING
----- Library Name     : X3000
----- Output Directory : .
----- Operating Voltage: 5.000000
----- Operating Temp   : 25
----- Process          : TYPICAL
----- Logic Type       : LARGE
----- area/speed Factor: 1.000000
----- Package          : DEFAULT

             *********************************************
                             Output Drives
             *********************************************


   Output            Drive              Output             Drive
----------------------------------------------------------------------------
                    rise     fall                         rise     fall
                   ----------------                      ----------------
DOUT               0.0000   0.0000    


             *********************************************
                             Input Loadings
             *********************************************


       Input             Load        Input             Load
-------------------------------------------------------------------
      CLK                4.000      RLL                1.000  
      DIN                1.000      


             *********************************************
                             Timing Report
             *********************************************


   Output          Delay            Required       Required Load   External Cap
-----------------------------------------------------------------------------
                  rise     fall      rise     fall      (Buffering)  (Timing)
                ----------------   --------------    ------------  ----------
RIN0              3.00     3.00     <none>   <none>         1.0       1.0
RIN__[1]          4.00     4.00     <none>   <none>         1.0       1.0
DOUT              1.00     1.00     <none>   <none>         2.0       2.0
----------------------------------------------------------------------------
Total Delta          0.00      0.00
Max.  Delay          4.00      4.00
Min.  Delay          1.00      1.00

               ****************************************
                       Critical Path Delays
               ****************************************


 Node             Arrival      Required     Slack        Type
 -----------------------------------------------------------------------
RIN__[1]           4.00            -           -          X3000:NAND2:1
NET_$3             3.00            -           -          X3000:OR2:1
B$6                2.00            -           -          X3000:NAND2:2
N_0                1.00            -           -          X3000:XOR2:1
DIN Primary Input

RIN__[1]           4.00            -           -          X3000:NAND2:1
NET_$3             3.00            -           -          X3000:OR2:1
B$6                2.00            -           -          X3000:NAND2:2
N_0                1.00            -           -          X3000:XOR2:1
DIN Primary Input



             *********************************************
                          Gate Usage Summary
             *********************************************


Cell         Count       Area/Cell    Cell         Count       Area/Cell
----------------------------------------------------------------------------
MX3000:FD       4           0.00      X3000:INV       1           0.00
X3000:NAND2     3           0.25      X3000:OR2       1           0.25
X3000:XOR2      1           0.25      
----------------------------------------------------------------------------

Total Cells :          10             Total Area  :        1.25


             *********************************************
                           Netlist Statistics
             *********************************************

Maximum level of gates =       4    Total number of nets   =      13
Maximum pins per net   =       5    Average pins per net   =    2.54
Maximum load per net   =    4.00    Average load per net   =    1.54


